Microsoft (R) Macro Assembler Version 11.00.61030.0	    10/13/16 16:24:45
main.asm						     Page 1 - 1


				.586
				.MODEL FLAT	; only 32 bit addresses, no segment:offset

				INCLUDE io.h   ; header file for input/output
			      C ; IO.H -- header file for I/O macros (listing suppressed)
			      C .NOLIST      ; turn off listing
			      C .LIST        ; begin listing
			      C 

				.STACK 4096	   ; allocate 4096 bytes for the stack

 00000000			.DATA
					
 00000000 00000019			numberArray DWORD 25, 47, 15, 50, 32, 95 DUP (0)
	   0000002F
	   0000000F
	   00000032
	   00000020
	   0000005F [
	    00000000
	   ]
 00000190 00000005			elementCount DWORD 5

 00000000			.CODE
 00000000			_MainProc PROC

				; Find sum
 00000000  B8 00000000			mov eax, 0					; sum = 0
 00000005  8D 1D 00000000 R		lea ebx, numberArray		; addr = &numberArray
 0000000B  8B 0D 00000190 R		mov ecx, elementCount		; count = elementCount
 00000011  E3 26			jecxz quit					; quit if no numbers

 00000013			forCount1:
 00000013  03 03			add eax, [ebx]				; sum = sum + *addr
 00000015  83 C3 04			add ebx, 4					; addr += 4
 00000018  E2 F9			loop forCount1				; while (count != 0)

				; Find average
 0000001A  99				cdq							; extend sum to QWORD
 0000001B  F7 3D 00000190 R		idiv elementCount			; avg = sum / elementCount

				; Add 10 to each array element below average
 00000021  8D 1D 00000000 R		lea ebx, numberArray		; addr = &numberArray
 00000027  8B 0D 00000190 R		mov ecx, elementCount		; count = elementCount
 0000002D			forCount2:
 0000002D  39 03			cmp DWORD PTR[ebx], eax		; (*addr > avg) ?
 0000002F  7D 03			jnl endIfSmall				; continue if not less
 00000031  83 03 0A			add DWORD PTR [ebx], 10		; *addr += 10

 00000034			endIfSmall:
 00000034  83 C3 04			add ebx, 4					; addr += 4
 00000037  E2 F4			loop forCount2				; while (count != 0)

 00000039			quit:
 00000039  B8 00000000			mov eax, 0					; exit with return code 0
					
 0000003E  C3				ret
 0000003F			_MainProc ENDP

				END   ; end of source code
Microsoft (R) Macro Assembler Version 11.00.61030.0	    10/13/16 16:24:45
main.asm						     Symbols 2 - 1




Macros:

                N a m e                 Type

atod . . . . . . . . . . . . . .	Proc
atow . . . . . . . . . . . . . .	Proc
dtoa . . . . . . . . . . . . . .	Proc
input  . . . . . . . . . . . . .	Proc
output . . . . . . . . . . . . .	Proc
wtoa . . . . . . . . . . . . . .	Proc


Segments and Groups:

                N a m e                 Size     Length   Align   Combine Class

FLAT . . . . . . . . . . . . . .	GROUP
STACK  . . . . . . . . . . . . .	32 Bit	 00001000 Para	  Stack	  'STACK'	 
_DATA  . . . . . . . . . . . . .	32 Bit	 00000194 Para	  Public  'DATA'	
_TEXT  . . . . . . . . . . . . .	32 Bit	 0000003F Para	  Public  'CODE'	


Procedures, parameters, and locals:

                N a m e                 Type     Value    Attr

_MainProc  . . . . . . . . . . .	P Near	 00000000 _TEXT	Length= 0000003F Public
  forCount1  . . . . . . . . . .	L Near	 00000013 _TEXT	
  forCount2  . . . . . . . . . .	L Near	 0000002D _TEXT	
  endIfSmall . . . . . . . . . .	L Near	 00000034 _TEXT	
  quit . . . . . . . . . . . . .	L Near	 00000039 _TEXT	


Symbols:

                N a m e                 Type     Value    Attr

@CodeSize  . . . . . . . . . . .	Number	 00000000h   
@DataSize  . . . . . . . . . . .	Number	 00000000h   
@Interface . . . . . . . . . . .	Number	 00000000h   
@Model . . . . . . . . . . . . .	Number	 00000007h   
@code  . . . . . . . . . . . . .	Text   	 _TEXT
@data  . . . . . . . . . . . . .	Text   	 FLAT
@fardata?  . . . . . . . . . . .	Text   	 FLAT
@fardata . . . . . . . . . . . .	Text   	 FLAT
@stack . . . . . . . . . . . . .	Text   	 FLAT
_getInput  . . . . . . . . . . .	L Near	 00000000 FLAT	External
_showOutput  . . . . . . . . . .	L Near	 00000000 FLAT	External
atodproc . . . . . . . . . . . .	L Near	 00000000 FLAT	External
atowproc . . . . . . . . . . . .	L Near	 00000000 FLAT	External
dtoaproc . . . . . . . . . . . .	L Near	 00000000 FLAT	External
elementCount . . . . . . . . . .	DWord	 00000190 _DATA	
numberArray  . . . . . . . . . .	DWord	 00000000 _DATA	
wtoaproc . . . . . . . . . . . .	L Near	 00000000 FLAT	External

	   0 Warnings
	   0 Errors
